=== 2026-09-19T19:28:58+01:00 analysis start
output/v91_malecns/A_off.pt
output/v91_malecns/B_off.pt
[
  {
    "checkpoint": "output/v91_cns_connectome/v91_cns_connectome.pt",
    "cns_core": true,
    "gate_mean_abs": 0.013998406891157522,
    "gate_max_abs": 0.18028248846530914,
    "gate_l2": 0.5968944125090474,
    "edge_strength_ratio_median": 0.9999999923313679,
    "edge_strength_ratio_p05_p95": [
      0.997381439810668,
      1.002004704728719
    ],
    "edges_grown_2x": 0,
    "edges_shrunk_half": 0,
    "abs_spectral_radius": 0.8999458334295463,
    "signed_spectral_radius": 0.5473490977024077,
    "signed_max_real_eigenvalue": 0.5208179255066476,
    "leak_mean": 0.5003740908500577,
    "leak_min_max": [
      0.45710413839754827,
      0.6180404932024277
    ],
    "node_bias_mean_abs": 0.030399227514863014
  },
  {
    "checkpoint": "output/v91_cns_rewired/v91_cns_rewired.pt",
    "cns_core": true,
    "gate_mean_abs": 0.0033295227702971886,
    "gate_max_abs": 0.11359250545501709,
    "gate_l2": 0.21991009054543523,
    "edge_strength_ratio_median": 1.0000000011144974,
    "edge_strength_ratio_p05_p95": [
      0.9989566674087573,
      1.0006419989957458
    ],
    "edges_grown_2x": 0,
    "edges_shrunk_half": 0,
    "abs_spectral_radius": 0.8998433995234368,
    "signed_spectral_radius": 0.7130453653118851,
    "signed_max_real_eigenvalue": 0.7130453653118851,
    "leak_mean": 0.49962070727542585,
    "leak_min_max": [
      0.440974206148283,
      0.5795021703990448
    ],
    "node_bias_mean_abs": 0.020885460078716278
  }
]
=== 2026-09-19T19:29:29+01:00 weights rc 0
seen arm skipped: not requested
checkpoint  output\v91_cns_connectome\v91_cns_connectome.pt
dev loss    0.024657
problems    630   unparsed 0   truncated 0
settings    seed 65  max_new_tokens 96  shared_rng False
fingerprint 3b99a446cd533be9bc5f8ae57d1310b4

source   task                   n  corr     acc            95% CI  trunc   abst
-------------------------------------------------------------------------------
novel    acceleration          21    16   0.762 [ 0.549, 0.894]      0      0
novel    algebra_one_step      21    21   1.000 [ 0.845, 1.000]      0      0
novel    arithmetic            21    17   0.809 [ 0.600, 0.923]      0      0
novel    arithmetic_series     21    21   1.000 [ 0.845, 1.000]      0      0
novel    average               21    11   0.524 [ 0.324, 0.717]      0      0
novel    code_conditional      21    21   1.000 [ 0.845, 1.000]      0      0
novel    code_divmod           21    21   1.000 [ 0.845, 1.000]      0      0
novel    code_index            21    21   1.000 [ 0.845, 1.000]      0      0
novel    code_list_extreme     21    21   1.000 [ 0.845, 1.000]      0      0
novel    code_list_sum         21    21   1.000 [ 0.845, 1.000]      0      0
novel    code_loop_add         21    21   1.000 [ 0.845, 1.000]      0      0
novel    code_loop_subtract    21    21   1.000 [ 0.845, 1.000]      0      0
novel    code_nested_loop      21    21   1.000 [ 0.845, 1.000]      0      0
novel    code_while_accumulate    21    20   0.952 [ 0.773, 0.992]      0      0
novel    combination           21    21   1.000 [ 0.845, 1.000]      0      0
novel    division              21    21   1.000 [ 0.845, 1.000]      0      0
novel    electrical_power      21    21   1.000 [ 0.845, 1.000]      0      0
novel    force                 21    21   1.000 [ 0.845, 1.000]      0      0
novel    kinetic_energy        21    21   1.000 [ 0.845, 1.000]      0      0
novel    molarity              21    20   0.952 [ 0.773, 0.992]      0      0
novel    momentum              21    21   1.000 [ 0.845, 1.000]      0      0
novel    multiplication        21    21   1.000 [ 0.845, 1.000]      0      0
novel    percent               21    15   0.714 [ 0.500, 0.862]      0      0
novel    power                 21    18   0.857 [ 0.654, 0.950]      0      0
novel    sequence              21    21   1.000 [ 0.845, 1.000]      0      0
novel    two_step              21    13   0.619 [ 0.409, 0.792]      0      0
novel    voltage               21    21   1.000 [ 0.845, 1.000]      0      0
novel    wave_speed            21    21   1.000 [ 0.845, 1.000]      0      0
novel    word_problem          21    18   0.857 [ 0.654, 0.950]      0      0
novel    work                  21    21   1.000 [ 0.845, 1.000]      0      0
novel    ALL                  630   589   0.935 [ 0.913, 0.952]      0      0
                            abstention score +0.8698   acc excl. truncated 0.935   median rel.err 0.000   within10% 0.984

replies -> output\v91_malecns\A_replies.jsonl (630 rows)

receipt -> output\v91_malecns\A_replies.run.json
=== 2026-09-20T12:38:32+01:00 remaining primary battery start (run_remaining_primary.sh)
seen arm skipped: not requested
checkpoint  output\v91_control\v91_control.pt
dev loss    0.024394
problems    630   unparsed 34   truncated 0
settings    seed 65  max_new_tokens 96  shared_rng False
fingerprint 80bde6fd34512ffb06d279481d64d24d

source   task                   n  corr     acc            95% CI  trunc   abst
-------------------------------------------------------------------------------
novel    acceleration          16    12   0.750 [ 0.505, 0.898]      0      0
novel    algebra_one_step      16    16   1.000 [ 0.806, 1.000]      0      0
novel    arithmetic            16    15   0.938 [ 0.717, 0.989]      0      0
novel    arithmetic_series     15    15   1.000 [ 0.796, 1.000]      0      0
novel    average               16     7   0.438 [ 0.231, 0.668]      0      0
novel    cns_pair_synapses     15     0   0.000 [ 0.000, 0.204]      0      9
novel    cns_side_count        15     0   0.000 [ 0.000, 0.204]      0     10
novel    cns_type_count        15     0   0.000 [ 0.000, 0.204]      0     10
novel    code_conditional      15    15   1.000 [ 0.796, 1.000]      0      0
novel    code_divmod           15    15   1.000 [ 0.796, 1.000]      0      0
novel    code_index            15    15   1.000 [ 0.796, 1.000]      0      0
novel    code_list_count       15     0   0.000 [ 0.000, 0.204]      0      0
novel    code_list_extreme     15    15   1.000 [ 0.796, 1.000]      0      0
novel    code_list_sum         15    15   1.000 [ 0.796, 1.000]      0      0
novel    code_loop_add         15    15   1.000 [ 0.796, 1.000]      0      0
novel    code_loop_subtract    15    15   1.000 [ 0.796, 1.000]      0      0
novel    code_neg_index        15     0   0.000 [ 0.000, 0.204]      0      0
novel    code_nested_loop      15    15   1.000 [ 0.796, 1.000]      0      0
novel    code_range_sum        15     0   0.000 [ 0.000, 0.204]      0      0
novel    code_while_accumulate    15    13   0.867 [ 0.621, 0.963]      0      0
novel    combination           15    15   1.000 [ 0.796, 1.000]      0      0
novel    division              16    16   1.000 [ 0.806, 1.000]      0      0
novel    electrical_power      15    15   1.000 [ 0.796, 1.000]      0      0
novel    final_velocity        15     0   0.000 [ 0.000, 0.204]      0      3
novel    force                 16    16   1.000 [ 0.806, 1.000]      0      0
novel    impulse               15     6   0.400 [ 0.198, 0.642]      0      0
novel    kinetic_energy        16    16   1.000 [ 0.806, 1.000]      0      0
novel    molarity              15    14   0.933 [ 0.702, 0.988]      0      0
novel    momentum              16    16   1.000 [ 0.806, 1.000]      0      0
novel    multiplication        16    16   1.000 [ 0.806, 1.000]      0      0
novel    ohms_current          15     0   0.000 [ 0.000, 0.204]      0      0
novel    percent               16    12   0.750 [ 0.505, 0.898]      0      0
novel    permutations          15     0   0.000 [ 0.000, 0.204]      0      2
novel    power                 16    11   0.688 [ 0.444, 0.858]      0      0
novel    sequence              16    16   1.000 [ 0.806, 1.000]      0      0
novel    spring_energy         15     1   0.067 [ 0.012, 0.298]      0      0
novel    two_step              16     9   0.562 [ 0.332, 0.769]      0      0
novel    voltage               15    15   1.000 [ 0.796, 1.000]      0      0
novel    wave_speed            15    15   1.000 [ 0.796, 1.000]      0      0
novel    word_problem          16    12   0.750 [ 0.505, 0.898]      0      0
novel    work                  16    16   1.000 [ 0.806, 1.000]      0      0
novel    ALL                  630   435   0.691 [ 0.653, 0.725]      0     34
                            abstention score +0.4349   acc excl. truncated 0.691   median rel.err 0.000   within10% 0.732

replies -> output\v91_malecns\C_replies.jsonl (630 rows)

receipt -> output\v91_malecns\C_replies.run.json
=== 2026-09-20T13:02:20+01:00 evaluated C rc 0
seen arm skipped: not requested
checkpoint  output\v91_cns_rewired\v91_cns_rewired.pt
dev loss    0.024492
problems    630   unparsed 38   truncated 2
settings    seed 65  max_new_tokens 96  shared_rng False
fingerprint 80bde6fd34512ffb06d279481d64d24d

source   task                   n  corr     acc            95% CI  trunc   abst
-------------------------------------------------------------------------------
novel    acceleration          16    13   0.812 [ 0.570, 0.934]      0      0
novel    algebra_one_step      16    16   1.000 [ 0.806, 1.000]      0      0
novel    arithmetic            16    16   1.000 [ 0.806, 1.000]      0      0
novel    arithmetic_series     15    15   1.000 [ 0.796, 1.000]      0      0
novel    average               16     8   0.500 [ 0.280, 0.720]      0      0
novel    cns_pair_synapses     15     0   0.000 [ 0.000, 0.204]      0     11
novel    cns_side_count        15     0   0.000 [ 0.000, 0.204]      0     10
novel    cns_type_count        15     0   0.000 [ 0.000, 0.204]      1     12
novel    code_conditional      15    15   1.000 [ 0.796, 1.000]      0      0
novel    code_divmod           15    15   1.000 [ 0.796, 1.000]      0      0
novel    code_index            15    15   1.000 [ 0.796, 1.000]      0      0
novel    code_list_count       15     0   0.000 [ 0.000, 0.204]      0      0
novel    code_list_extreme     15    15   1.000 [ 0.796, 1.000]      0      0
novel    code_list_sum         15    15   1.000 [ 0.796, 1.000]      0      0
novel    code_loop_add         15    15   1.000 [ 0.796, 1.000]      0      0
novel    code_loop_subtract    15    15   1.000 [ 0.796, 1.000]      0      0
novel    code_neg_index        15     1   0.067 [ 0.012, 0.298]      0      0
novel    code_nested_loop      15    15   1.000 [ 0.796, 1.000]      0      0
novel    code_range_sum        15     0   0.000 [ 0.000, 0.204]      0      0
novel    code_while_accumulate    15    15   1.000 [ 0.796, 1.000]      0      0
novel    combination           15    15   1.000 [ 0.796, 1.000]      0      0
novel    division              16    16   1.000 [ 0.806, 1.000]      0      0
novel    electrical_power      15    15   1.000 [ 0.796, 1.000]      0      0
novel    final_velocity        15     0   0.000 [ 0.000, 0.204]      1      4
novel    force                 16    16   1.000 [ 0.806, 1.000]      0      0
novel    impulse               15    11   0.733 [ 0.480, 0.891]      0      0
novel    kinetic_energy        16    16   1.000 [ 0.806, 1.000]      0      0
novel    molarity              15    14   0.933 [ 0.702, 0.988]      0      0
novel    momentum              16    16   1.000 [ 0.806, 1.000]      0      0
novel    multiplication        16    16   1.000 [ 0.806, 1.000]      0      0
novel    ohms_current          15     0   0.000 [ 0.000, 0.204]      0      0
novel    percent               16    12   0.750 [ 0.505, 0.898]      0      0
novel    permutations          15     0   0.000 [ 0.000, 0.204]      0      2
novel    power                 16    15   0.938 [ 0.717, 0.989]      0      0
novel    sequence              16    16   1.000 [ 0.806, 1.000]      0      0
novel    spring_energy         15     1   0.067 [ 0.012, 0.298]      0      1
novel    two_step              16     9   0.562 [ 0.332, 0.769]      0      0
novel    voltage               15    15   1.000 [ 0.796, 1.000]      0      0
novel    wave_speed            15    15   1.000 [ 0.796, 1.000]      0      0
novel    word_problem          16    13   0.812 [ 0.570, 0.934]      0      0
novel    work                  16    16   1.000 [ 0.806, 1.000]      0      0
novel    ALL                  630   451   0.716 [ 0.679, 0.750]      2     40
                            abstention score +0.4952   acc excl. truncated 0.718   median rel.err 0.000   within10% 0.754

replies -> output\v91_malecns\B_replies.jsonl (630 rows)

receipt -> output\v91_malecns\B_replies.run.json
=== 2026-09-20T13:25:04+01:00 evaluated B rc 0
Traceback (most recent call last):
  File "C:\Users\kai99\Desktop\New folder (9)\Supermix\source\compare_problem_transcripts.py", line 93, in <module>
    report = compare(args.baseline, args.candidate, allow_partial=args.allow_partial)
             ^^^^^^^^^^^^^^^^^^^^^^^^^^^^^^^^^^^^^^^^^^^^^^^^^^^^^^^^^^^^^^^^^^^^^^^^
  File "C:\Users\kai99\Desktop\New folder (9)\Supermix\source\compare_problem_transcripts.py", line 61, in compare
    raise ValueError("different input cohorts; use --allow-partial for an intersection diagnostic")
ValueError: different input cohorts; use --allow-partial for an intersection diagnostic
=== 2026-09-20T13:25:11+01:00 compared A vs B rc 1
{
  "n": 628,
  "baseline_correct": 577,
  "candidate_correct": 587,
  "accuracy_delta": 0.01592356687898089,
  "candidate_only_correct": 15,
  "baseline_only_correct": 5,
  "mcnemar_exact_two_sided_p": 0.04138946533203125
}
=== 2026-09-20T13:25:18+01:00 compared A vs v89 rc 0
Traceback (most recent call last):
  File "C:\Users\kai99\Desktop\New folder (9)\Supermix\source\compare_problem_transcripts.py", line 93, in <module>
    report = compare(args.baseline, args.candidate, allow_partial=args.allow_partial)
             ^^^^^^^^^^^^^^^^^^^^^^^^^^^^^^^^^^^^^^^^^^^^^^^^^^^^^^^^^^^^^^^^^^^^^^^^
  File "C:\Users\kai99\Desktop\New folder (9)\Supermix\source\compare_problem_transcripts.py", line 61, in compare
    raise ValueError("different input cohorts; use --allow-partial for an intersection diagnostic")
ValueError: different input cohorts; use --allow-partial for an intersection diagnostic
=== 2026-09-20T13:25:24+01:00 compared B vs v89 rc 1
=== 2026-09-20T13:25:24+01:00 remaining primary battery done
=== 2026-09-21T09:40:28+01:00 analysis start
output/v91_malecns/A_off.pt
output/v91_malecns/B_off.pt
[
  {
    "checkpoint": "output/v91_cns_connectome/v91_cns_connectome.pt",
    "cns_core": true,
    "gate_mean_abs": 0.013998406891157522,
    "gate_max_abs": 0.18028248846530914,
    "gate_l2": 0.5968944125090474,
    "edge_strength_ratio_median": 0.9999999923313679,
    "edge_strength_ratio_p05_p95": [
      0.997381439810668,
      1.002004704728719
    ],
    "edges_grown_2x": 0,
    "edges_shrunk_half": 0,
    "abs_spectral_radius": 0.8999458334295463,
    "signed_spectral_radius": 0.5473490977024077,
    "signed_max_real_eigenvalue": 0.5208179255066476,
    "leak_mean": 0.5003740908500577,
    "leak_min_max": [
      0.45710413839754827,
      0.6180404932024277
    ],
    "node_bias_mean_abs": 0.030399227514863014
  },
  {
    "checkpoint": "output/v91_cns_rewired/v91_cns_rewired.pt",
    "cns_core": true,
    "gate_mean_abs": 0.0033295227702971886,
    "gate_max_abs": 0.11359250545501709,
    "gate_l2": 0.21991009054543523,
    "edge_strength_ratio_median": 1.0000000011144974,
    "edge_strength_ratio_p05_p95": [
      0.9989566674087573,
      1.0006419989957458
    ],
    "edges_grown_2x": 0,
    "edges_shrunk_half": 0,
    "abs_spectral_radius": 0.8998433995234368,
    "signed_spectral_radius": 0.7130453653118851,
    "signed_max_real_eigenvalue": 0.7130453653118851,
    "leak_mean": 0.49962070727542585,
    "leak_min_max": [
      0.440974206148283,
      0.5795021703990448
    ],
    "node_bias_mean_abs": 0.020885460078716278
  }
]
=== 2026-09-21T09:40:57+01:00 weights rc 0
seen arm skipped: not requested
checkpoint  output\v91_control\v91_control.pt
dev loss    0.024394
problems    630   unparsed 0   truncated 0
settings    seed 65  max_new_tokens 96  shared_rng False
fingerprint 3b99a446cd533be9bc5f8ae57d1310b4

source   task                   n  corr     acc            95% CI  trunc   abst
-------------------------------------------------------------------------------
novel    acceleration          21    17   0.809 [ 0.600, 0.923]      0      0
novel    algebra_one_step      21    21   1.000 [ 0.845, 1.000]      0      0
novel    arithmetic            21    18   0.857 [ 0.654, 0.950]      0      0
novel    arithmetic_series     21    21   1.000 [ 0.845, 1.000]      0      0
novel    average               21    10   0.476 [ 0.283, 0.676]      0      0
novel    code_conditional      21    20   0.952 [ 0.773, 0.992]      0      0
novel    code_divmod           21    21   1.000 [ 0.845, 1.000]      0      0
novel    code_index            21    21   1.000 [ 0.845, 1.000]      0      0
novel    code_list_extreme     21    21   1.000 [ 0.845, 1.000]      0      0
novel    code_list_sum         21    21   1.000 [ 0.845, 1.000]      0      0
novel    code_loop_add         21    21   1.000 [ 0.845, 1.000]      0      0
novel    code_loop_subtract    21    21   1.000 [ 0.845, 1.000]      0      0
novel    code_nested_loop      21    21   1.000 [ 0.845, 1.000]      0      0
novel    code_while_accumulate    21    18   0.857 [ 0.654, 0.950]      0      0
novel    combination           21    21   1.000 [ 0.845, 1.000]      0      0
novel    division              21    21   1.000 [ 0.845, 1.000]      0      0
novel    electrical_power      21    21   1.000 [ 0.845, 1.000]      0      0
novel    force                 21    21   1.000 [ 0.845, 1.000]      0      0
novel    kinetic_energy        21    21   1.000 [ 0.845, 1.000]      0      0
novel    molarity              21    20   0.952 [ 0.773, 0.992]      0      0
novel    momentum              21    21   1.000 [ 0.845, 1.000]      0      0
novel    multiplication        21    21   1.000 [ 0.845, 1.000]      0      0
novel    percent               21    15   0.714 [ 0.500, 0.862]      0      0
novel    power                 21    14   0.667 [ 0.454, 0.828]      0      0
novel    sequence              21    21   1.000 [ 0.845, 1.000]      0      0
novel    two_step              21    13   0.619 [ 0.409, 0.792]      0      0
novel    voltage               21    21   1.000 [ 0.845, 1.000]      0      0
novel    wave_speed            21    21   1.000 [ 0.845, 1.000]      0      0
novel    word_problem          21    17   0.809 [ 0.600, 0.923]      0      0
novel    work                  21    21   1.000 [ 0.845, 1.000]      0      0
novel    ALL                  630   582   0.924 [ 0.900, 0.942]      0      0
                            abstention score +0.8476   acc excl. truncated 0.924   median rel.err 0.000   within10% 0.971

replies -> output\v91_malecns\C_replies.jsonl (630 rows)

receipt -> output\v91_malecns\C_replies.run.json
=== 2026-09-21T10:05:10+01:00 evaluated C rc 0
seen arm skipped: not requested
checkpoint  output\v91_cns_rewired\v91_cns_rewired.pt
dev loss    0.024492
problems    630   unparsed 0   truncated 0
settings    seed 65  max_new_tokens 96  shared_rng False
fingerprint 3b99a446cd533be9bc5f8ae57d1310b4

source   task                   n  corr     acc            95% CI  trunc   abst
-------------------------------------------------------------------------------
novel    acceleration          21    18   0.857 [ 0.654, 0.950]      0      0
novel    algebra_one_step      21    21   1.000 [ 0.845, 1.000]      0      0
novel    arithmetic            21    18   0.857 [ 0.654, 0.950]      0      0
novel    arithmetic_series     21    21   1.000 [ 0.845, 1.000]      0      0
novel    average               21    12   0.571 [ 0.365, 0.755]      0      0
novel    code_conditional      21    20   0.952 [ 0.773, 0.992]      0      0
novel    code_divmod           21    21   1.000 [ 0.845, 1.000]      0      0
novel    code_index            21    21   1.000 [ 0.845, 1.000]      0      0
novel    code_list_extreme     21    21   1.000 [ 0.845, 1.000]      0      0
novel    code_list_sum         21    21   1.000 [ 0.845, 1.000]      0      0
novel    code_loop_add         21    21   1.000 [ 0.845, 1.000]      0      0
novel    code_loop_subtract    21    21   1.000 [ 0.845, 1.000]      0      0
novel    code_nested_loop      21    21   1.000 [ 0.845, 1.000]      0      0
novel    code_while_accumulate    21    21   1.000 [ 0.845, 1.000]      0      0
novel    combination           21    21   1.000 [ 0.845, 1.000]      0      0
novel    division              21    21   1.000 [ 0.845, 1.000]      0      0
novel    electrical_power      21    21   1.000 [ 0.845, 1.000]      0      0
novel    force                 21    21   1.000 [ 0.845, 1.000]      0      0
novel    kinetic_energy        21    21   1.000 [ 0.845, 1.000]      0      0
novel    molarity              21    20   0.952 [ 0.773, 0.992]      0      0
novel    momentum              21    21   1.000 [ 0.845, 1.000]      0      0
novel    multiplication        21    21   1.000 [ 0.845, 1.000]      0      0
novel    percent               21    16   0.762 [ 0.549, 0.894]      0      0
novel    power                 21    18   0.857 [ 0.654, 0.950]      0      0
novel    sequence              21    21   1.000 [ 0.845, 1.000]      0      0
novel    two_step              21    13   0.619 [ 0.409, 0.792]      0      0
novel    voltage               21    21   1.000 [ 0.845, 1.000]      0      0
novel    wave_speed            21    21   1.000 [ 0.845, 1.000]      0      0
novel    word_problem          21    18   0.857 [ 0.654, 0.950]      0      0
novel    work                  21    21   1.000 [ 0.845, 1.000]      0      0
novel    ALL                  630   594   0.943 [ 0.922, 0.958]      0      0
                            abstention score +0.8857   acc excl. truncated 0.943   median rel.err 0.000   within10% 0.981

replies -> output\v91_malecns\B_replies.jsonl (630 rows)

receipt -> output\v91_malecns\B_replies.run.json
=== 2026-09-21T10:30:57+01:00 evaluated B rc 0
seen arm skipped: not requested
checkpoint  output\v91_malecns\A_off.pt
dev loss    0.024657
problems    630   unparsed 0   truncated 0
settings    seed 65  max_new_tokens 96  shared_rng False
fingerprint 3b99a446cd533be9bc5f8ae57d1310b4

source   task                   n  corr     acc            95% CI  trunc   abst
-------------------------------------------------------------------------------
novel    acceleration          21    16   0.762 [ 0.549, 0.894]      0      0
novel    algebra_one_step      21    21   1.000 [ 0.845, 1.000]      0      0
novel    arithmetic            21    17   0.809 [ 0.600, 0.923]      0      0
novel    arithmetic_series     21    21   1.000 [ 0.845, 1.000]      0      0
novel    average               21    11   0.524 [ 0.324, 0.717]      0      0
novel    code_conditional      21    21   1.000 [ 0.845, 1.000]      0      0
novel    code_divmod           21    21   1.000 [ 0.845, 1.000]      0      0
novel    code_index            21    21   1.000 [ 0.845, 1.000]      0      0
novel    code_list_extreme     21    21   1.000 [ 0.845, 1.000]      0      0
novel    code_list_sum         21    21   1.000 [ 0.845, 1.000]      0      0
novel    code_loop_add         21    21   1.000 [ 0.845, 1.000]      0      0
novel    code_loop_subtract    21    21   1.000 [ 0.845, 1.000]      0      0
novel    code_nested_loop      21    21   1.000 [ 0.845, 1.000]      0      0
novel    code_while_accumulate    21    20   0.952 [ 0.773, 0.992]      0      0
novel    combination           21    21   1.000 [ 0.845, 1.000]      0      0
novel    division              21    21   1.000 [ 0.845, 1.000]      0      0
novel    electrical_power      21    21   1.000 [ 0.845, 1.000]      0      0
novel    force                 21    21   1.000 [ 0.845, 1.000]      0      0
novel    kinetic_energy        21    21   1.000 [ 0.845, 1.000]      0      0
novel    molarity              21    20   0.952 [ 0.773, 0.992]      0      0
novel    momentum              21    21   1.000 [ 0.845, 1.000]      0      0
novel    multiplication        21    21   1.000 [ 0.845, 1.000]      0      0
novel    percent               21    15   0.714 [ 0.500, 0.862]      0      0
novel    power                 21    18   0.857 [ 0.654, 0.950]      0      0
novel    sequence              21    21   1.000 [ 0.845, 1.000]      0      0
novel    two_step              21    13   0.619 [ 0.409, 0.792]      0      0
novel    voltage               21    21   1.000 [ 0.845, 1.000]      0      0
novel    wave_speed            21    21   1.000 [ 0.845, 1.000]      0      0
novel    word_problem          21    18   0.857 [ 0.654, 0.950]      0      0
novel    work                  21    21   1.000 [ 0.845, 1.000]      0      0
novel    ALL                  630   589   0.935 [ 0.913, 0.952]      0      0
                            abstention score +0.8698   acc excl. truncated 0.935   median rel.err 0.000   within10% 0.984

replies -> output\v91_malecns\A_off_replies.jsonl (630 rows)

receipt -> output\v91_malecns\A_off_replies.run.json
=== 2026-09-21T10:59:44+01:00 evaluated A_off rc 0
seen arm skipped: not requested
checkpoint  output\v91_malecns\B_off.pt
dev loss    0.024492
problems    630   unparsed 0   truncated 0
settings    seed 65  max_new_tokens 96  shared_rng False
fingerprint 3b99a446cd533be9bc5f8ae57d1310b4

source   task                   n  corr     acc            95% CI  trunc   abst
-------------------------------------------------------------------------------
novel    acceleration          21    18   0.857 [ 0.654, 0.950]      0      0
novel    algebra_one_step      21    21   1.000 [ 0.845, 1.000]      0      0
novel    arithmetic            21    18   0.857 [ 0.654, 0.950]      0      0
novel    arithmetic_series     21    21   1.000 [ 0.845, 1.000]      0      0
novel    average               21    12   0.571 [ 0.365, 0.755]      0      0
novel    code_conditional      21    20   0.952 [ 0.773, 0.992]      0      0
novel    code_divmod           21    21   1.000 [ 0.845, 1.000]      0      0
novel    code_index            21    21   1.000 [ 0.845, 1.000]      0      0
novel    code_list_extreme     21    21   1.000 [ 0.845, 1.000]      0      0
novel    code_list_sum         21    21   1.000 [ 0.845, 1.000]      0      0
novel    code_loop_add         21    21   1.000 [ 0.845, 1.000]      0      0
novel    code_loop_subtract    21    21   1.000 [ 0.845, 1.000]      0      0
novel    code_nested_loop      21    21   1.000 [ 0.845, 1.000]      0      0
novel    code_while_accumulate    21    21   1.000 [ 0.845, 1.000]      0      0
novel    combination           21    21   1.000 [ 0.845, 1.000]      0      0
novel    division              21    21   1.000 [ 0.845, 1.000]      0      0
novel    electrical_power      21    21   1.000 [ 0.845, 1.000]      0      0
novel    force                 21    21   1.000 [ 0.845, 1.000]      0      0
novel    kinetic_energy        21    21   1.000 [ 0.845, 1.000]      0      0
novel    molarity              21    20   0.952 [ 0.773, 0.992]      0      0
novel    momentum              21    21   1.000 [ 0.845, 1.000]      0      0
novel    multiplication        21    21   1.000 [ 0.845, 1.000]      0      0
novel    percent               21    16   0.762 [ 0.549, 0.894]      0      0
novel    power                 21    18   0.857 [ 0.654, 0.950]      0      0
novel    sequence              21    21   1.000 [ 0.845, 1.000]      0      0
novel    two_step              21    13   0.619 [ 0.409, 0.792]      0      0
novel    voltage               21    21   1.000 [ 0.845, 1.000]      0      0
novel    wave_speed            21    21   1.000 [ 0.845, 1.000]      0      0
novel    word_problem          21    18   0.857 [ 0.654, 0.950]      0      0
novel    work                  21    21   1.000 [ 0.845, 1.000]      0      0
novel    ALL                  630   594   0.943 [ 0.922, 0.958]      0      0
                            abstention score +0.8857   acc excl. truncated 0.943   median rel.err 0.000   within10% 0.981

replies -> output\v91_malecns\B_off_replies.jsonl (630 rows)

receipt -> output\v91_malecns\B_off_replies.run.json
=== 2026-09-21T11:30:35+01:00 evaluated B_off rc 0
{
  "n": 628,
  "baseline_correct": 580,
  "candidate_correct": 587,
  "accuracy_delta": 0.011146496815286623,
  "candidate_only_correct": 10,
  "baseline_only_correct": 3,
  "mcnemar_exact_two_sided_p": 0.09228515625
}
=== 2026-09-21T11:30:44+01:00 compared A vs C rc 0
{
  "n": 628,
  "baseline_correct": 592,
  "candidate_correct": 587,
  "accuracy_delta": -0.007961783439490446,
  "candidate_only_correct": 2,
  "baseline_only_correct": 7,
  "mcnemar_exact_two_sided_p": 0.1796875
}
=== 2026-09-21T11:30:50+01:00 compared A vs B rc 0
{
  "n": 628,
  "baseline_correct": 580,
  "candidate_correct": 592,
  "accuracy_delta": 0.01910828025477707,
  "candidate_only_correct": 15,
  "baseline_only_correct": 3,
  "mcnemar_exact_two_sided_p": 0.007537841796875
}
=== 2026-09-21T11:30:57+01:00 compared B vs C rc 0
{
  "n": 628,
  "baseline_correct": 587,
  "candidate_correct": 587,
  "accuracy_delta": 0.0,
  "candidate_only_correct": 0,
  "baseline_only_correct": 0,
  "mcnemar_exact_two_sided_p": 1.0
}
=== 2026-09-21T11:31:04+01:00 compared A vs A_off rc 0
{
  "n": 628,
  "baseline_correct": 592,
  "candidate_correct": 592,
  "accuracy_delta": 0.0,
  "candidate_only_correct": 0,
  "baseline_only_correct": 0,
  "mcnemar_exact_two_sided_p": 1.0
}
=== 2026-09-21T11:31:10+01:00 compared B vs B_off rc 0
{
  "n": 628,
  "baseline_correct": 577,
  "candidate_correct": 592,
  "accuracy_delta": 0.02388535031847134,
  "candidate_only_correct": 19,
  "baseline_only_correct": 4,
  "mcnemar_exact_two_sided_p": 0.002599477767944336
}
=== 2026-09-21T11:31:17+01:00 compared B vs v89 rc 0
{
  "n": 628,
  "baseline_correct": 577,
  "candidate_correct": 580,
  "accuracy_delta": 0.004777070063694267,
  "candidate_only_correct": 12,
  "baseline_only_correct": 9,
  "mcnemar_exact_two_sided_p": 0.6636238098144531
}
=== 2026-09-21T11:31:23+01:00 compared C vs v89 rc 0
dev rows 11,230 (50s)
v89                      on   token-mean 0.024770 (728s)
C                        on   token-mean 0.024394 (1022s)
A                        on   token-mean 0.024657 (720s)
A_off                    off  token-mean 0.024651 (722s)
A_mean                   mean token-mean 0.024657 (1338s)
B                        on   token-mean 0.024492 (684s)
B_off                    off  token-mean 0.024493 (689s)
B_mean                   mean token-mean 0.024492 (1271s)
=== 2026-09-21T13:32:02+01:00 dev rows rc 0
                     A - C                      token diff +0.000263 CI [+0.000124, +0.000410] wins 5443/5784
                     A - B                      token diff +0.000165 CI [+0.000043, +0.000294] wins 6145/5082
                     B - C                      token diff +0.000098 CI [-0.000019, +0.000219] wins 4957/6270
                     A - A_off                  token diff +0.000006 CI [+0.000001, +0.000014] wins 4976/5970
                     A - A_mean                 token diff -0.000000 CI [-0.000000, +0.000000] wins 2805/2765
                     B - B_off                  token diff -0.000001 CI [-0.000002, +0.000000] wins 5366/4808
                     B - B_mean                 token diff -0.000000 CI [-0.000000, +0.000000] wins 1851/1861
                     C - v89                    token diff -0.000376 CI [-0.000596, -0.000163] wins 6435/4792
                     A - v89                    token diff -0.000113 CI [-0.000348, +0.000113] wins 6436/4791
                     B - v89                    token diff -0.000278 CI [-0.000502, -0.000060] wins 6018/5209
=== 2026-09-21T13:32:34+01:00 dev paired rc 0
=== 2026-09-21T13:32:34+01:00 analysis done
