batch 64/2318  rows 4,194,304  kept 3,932,575  type-edges 1,152,334  2s
batch 128/2318  rows 8,388,608  kept 6,444,164  type-edges 1,705,116  3s
batch 192/2318  rows 12,582,912  kept 7,961,603  type-edges 2,038,831  5s
batch 256/2318  rows 16,777,216  kept 8,996,628  type-edges 2,266,044  6s
batch 320/2318  rows 20,971,520  kept 9,952,274  type-edges 2,465,860  7s
batch 384/2318  rows 25,165,824  kept 10,552,196  type-edges 2,648,296  8s
batch 448/2318  rows 29,360,128  kept 11,011,671  type-edges 2,803,999  9s
batch 512/2318  rows 33,554,432  kept 11,641,310  type-edges 2,926,622  11s
batch 576/2318  rows 37,748,736  kept 12,216,003  type-edges 3,059,771  12s
batch 640/2318  rows 41,943,040  kept 12,810,664  type-edges 3,203,640  13s
batch 704/2318  rows 46,137,344  kept 13,448,115  type-edges 3,353,399  14s
batch 768/2318  rows 50,331,648  kept 14,068,107  type-edges 3,468,216  15s
batch 832/2318  rows 54,525,952  kept 14,653,922  type-edges 3,587,509  16s
batch 896/2318  rows 58,720,256  kept 15,186,020  type-edges 3,675,617  17s
batch 960/2318  rows 62,914,560  kept 15,834,580  type-edges 3,788,918  18s
batch 1024/2318  rows 67,108,864  kept 16,485,482  type-edges 3,899,828  20s
batch 1088/2318  rows 71,303,168  kept 17,160,992  type-edges 4,005,833  21s
batch 1152/2318  rows 75,497,472  kept 17,832,339  type-edges 4,107,751  22s
batch 1216/2318  rows 79,691,776  kept 18,499,256  type-edges 4,212,218  23s
batch 1280/2318  rows 83,886,080  kept 19,171,025  type-edges 4,314,107  24s
batch 1344/2318  rows 88,080,384  kept 19,839,087  type-edges 4,414,961  26s
batch 1408/2318  rows 92,274,688  kept 20,514,185  type-edges 4,527,127  27s
batch 1472/2318  rows 96,468,992  kept 21,136,708  type-edges 4,638,276  28s
batch 1536/2318  rows 100,663,296  kept 21,540,262  type-edges 4,784,651  29s
batch 1600/2318  rows 104,857,600  kept 21,955,781  type-edges 4,938,582  30s
batch 1664/2318  rows 109,051,904  kept 22,323,246  type-edges 5,102,263  31s
batch 1728/2318  rows 113,246,208  kept 22,779,938  type-edges 5,236,220  32s
batch 1792/2318  rows 117,440,512  kept 23,210,091  type-edges 5,360,753  33s
batch 1856/2318  rows 121,634,816  kept 23,465,636  type-edges 5,505,959  35s
batch 1920/2318  rows 125,829,120  kept 23,797,533  type-edges 5,688,464  36s
batch 1984/2318  rows 130,023,424  kept 24,178,079  type-edges 5,872,881  37s
batch 2048/2318  rows 134,217,728  kept 24,565,105  type-edges 6,012,935  38s
batch 2112/2318  rows 138,412,032  kept 24,837,368  type-edges 6,130,167  39s
batch 2176/2318  rows 142,606,336  kept 25,004,773  type-edges 6,186,908  40s
batch 2240/2318  rows 146,800,640  kept 25,062,994  type-edges 6,202,748  42s
batch 2304/2318  rows 150,994,944  kept 25,127,708  type-edges 6,220,100  43s
batch 2318/2318  rows 151,856,684  kept 25,135,616  type-edges 6,220,753  44s
{
  "schema": "supermix-v93-malecns-sided-types-v1",
  "source": "Janelia FlyEM male-cns v1.0 flat connectome, minconf 0.5 (CC-BY)",
  "source_url": "https://storage.googleapis.com/flyem-male-cns/v1.0/connectome-data/flat-connectome/",
  "files_md5_b64": {
    "body-annotations-male-cns-v1.0-minconf-0.5.feather": "UKdxh3DFciDxYLpPQxq4ng==",
    "body-neurotransmitters-male-cns-v1.0.feather": "PYQrEv5cSe763lKNfdJKHw==",
    "connectome-weights-male-cns-v1.0-minconf-0.5.feather": "8w6dzKJc/QIb8eez2XVZng=="
  },
  "types": "datasets/v91_malecns/malecns_types.npz",
  "types_sha256": "a582ac7da0c86221c654c0793aef78f3049d5fc4fa4f8c264e9a1f3eda2b0271",
  "side_rule": "somaSide if in {L,R} else rootSide if in {L,R} else dropped (M counted as midline)",
  "typed_neurons": 164506,
  "bodies_by_side": {
    "L": 80786,
    "R": 82932,
    "M": 375,
    "unknown": 413
  },
  "root_side_fallbacks": 16551,
  "root_side_fallbacks_by_side": {
    "L": 7283,
    "R": 9268
  },
  "root_side_fallbacks_by_superclass": {
    "cb_sensory": 4346,
    "sensory_descending": 12,
    "ol_sensory": 6062,
    "sensory_ascending": 528,
    "sensory_ascending_tbc": 1,
    "vnc_sensory": 5602
  },
  "soma_root_side_conflicts_soma_wins": 1,
  "dropped_midline_bodies": 375,
  "dropped_midline_types": 161,
  "dropped_midline_types_without_sided_bodies": 161,
  "dropped_midline_bodies_by_superclass": {
    "cb_intrinsic": 76,
    "descending_neuron": 10,
    "ascending_neuron": 9,
    "vnc_efferent": 49,
    "efferent_ascending": 2,
    "vnc_intrinsic": 229
  },
  "dropped_unknown_side_bodies": 413,
  "sided_nodes": 22871,
  "nodes_by_side": {
    "L": 11449,
    "R": 11422
  },
  "types_on_both_sides": 11281,
  "types_left_only": 168,
  "types_right_only": 141,
  "types_without_sided_bodies": 161,
  "single_body_nodes": 11335,
  "median_bodies_per_node": 2.0,
  "cell_types": 11751,
  "sided_edges": 6185364,
  "sided_edges_by_block": {
    "LL": 2048050,
    "RR": 2057448,
    "LR": 1042436,
    "RL": 1037430
  },
  "body_edge_rows": 151856684,
  "body_edge_rows_kept_typed": 25135616,
  "synapses_total": 311833243,
  "synapses_typed_typed": 122318556,
  "synapses_sided": 120521994,
  "synapse_fraction_sided_of_total": 0.38649501522196594,
  "synapse_fraction_sided_of_typed": 0.9853124328903948,
  "synapses_by_block": {
    "LL": 44910824,
    "RR": 49996610,
    "LR": 12807568,
    "RL": 12806992
  },
  "synapse_share_by_block": {
    "LL": 0.372636,
    "RR": 0.414834,
    "LR": 0.106267,
    "RL": 0.106263
  },
  "synapses_by_endpoint_class": {
    "sided->sided": 120521994,
    "sided->midline": 861282,
    "sided->unknown_side": 22128,
    "midline->sided": 788059,
    "midline->midline": 37300,
    "midline->unknown_side": 41,
    "unknown_side->sided": 85711,
    "unknown_side->midline": 66,
    "unknown_side->unknown_side": 1975
  },
  "synapses_dropped_midline": 1686748,
  "synapses_dropped_unknown_side": 109921,
  "synapses_dropped_total": 1796562,
  "seconds": {
    "stream": 43.9,
    "total": 51.4
  },
  "output": "datasets/v93_malecns/malecns_sided_types.npz"
}
{
  "schema": "supermix-v93-malecns-hemispheres-v1",
  "scheme": "mirror",
  "types": "datasets/v91_malecns/malecns_types.npz",
  "sided_types": "datasets/v93_malecns/malecns_sided_types.npz",
  "input_sha256": {
    "types": "a582ac7da0c86221c654c0793aef78f3049d5fc4fa4f8c264e9a1f3eda2b0271",
    "sided_types": "e1e13ef3ca8b1861dcbc0bf639c7572459d690970b11b0ca366fb8f2bfb0562e"
  },
  "n_per_side_requested": 256,
  "n_per_side": 256,
  "n_modules": 512,
  "min_input_fraction": 0.01,
  "input_fraction_denominator": "total (ipsilateral + commissural) input of the post module",
  "edges": 10553,
  "density": 0.04026,
  "self_loops": 477,
  "rewired_self_loops": 477,
  "blocks": {
    "LL": {
      "edges": 3394,
      "self_loops": 238,
      "density": 0.051788,
      "fraction_mass": 143.6727
    },
    "RR": {
      "edges": 3394,
      "self_loops": 239,
      "density": 0.051788,
      "fraction_mass": 144.0751
    },
    "LR": {
      "edges": 1881,
      "self_loops": 0,
      "density": 0.028702,
      "fraction_mass": 52.4836
    },
    "RL": {
      "edges": 1884,
      "self_loops": 0,
      "density": 0.028748,
      "fraction_mass": 52.7075
    }
  },
  "per_side": {
    "L": {
      "modules": 256,
      "empty_modules": 0,
      "excitatory_modules": 146,
      "inhibitory_modules": 110,
      "types": 11449,
      "neurons": 80786
    },
    "R": {
      "modules": 256,
      "empty_modules": 0,
      "excitatory_modules": 146,
      "inhibitory_modules": 110,
      "types": 11422,
      "neurons": 82932
    }
  },
  "empty_module_ids": [],
  "empty_module_labels": [],
  "groups": [
    {
      "role": "sensory",
      "sign": 1,
      "types": 354,
      "modules": 9
    },
    {
      "role": "sensory",
      "sign": -1,
      "types": 14,
      "modules": 2
    },
    {
      "role": "visual",
      "sign": 1,
      "types": 394,
      "modules": 26
    },
    {
      "role": "visual",
      "sign": -1,
      "types": 331,
      "modules": 20
    },
    {
      "role": "central",
      "sign": 1,
      "types": 3687,
      "modules": 68
    },
    {
      "role": "central",
      "sign": -1,
      "types": 2918,
      "modules": 50
    },
    {
      "role": "vnc",
      "sign": 1,
      "types": 1198,
      "modules": 22
    },
    {
      "role": "vnc",
      "sign": -1,
      "types": 1579,
      "modules": 27
    },
    {
      "role": "ascending",
      "sign": 1,
      "types": 369,
      "modules": 9
    },
    {
      "role": "ascending",
      "sign": -1,
      "types": 199,
      "modules": 5
    },
    {
      "role": "descending",
      "sign": 1,
      "types": 353,
      "modules": 8
    },
    {
      "role": "descending",
      "sign": -1,
      "types": 128,
      "modules": 4
    },
    {
      "role": "output",
      "sign": 1,
      "types": 173,
      "modules": 4
    },
    {
      "role": "output",
      "sign": -1,
      "types": 54,
      "modules": 2
    }
  ],
  "strata": {
    "node": 28,
    "edge": 52
  },
  "rewire": {
    "kind": "stratified_by_source_side_role_sign_and_target_side_fraction_carried_with_target",
    "swaps_accepted": 100760,
    "swap_attempts": 149078,
    "edges_rewired": 10076,
    "self_loops_held": 477,
    "strata": 52
  },
  "side_blind_rewire": {
    "kind": "stratified_by_source_role_and_sign_fraction_carried_with_target",
    "swaps_accepted": 100760,
    "swap_attempts": 140854,
    "edges_rewired": 10076,
    "self_loops_held": 477,
    "strata": 14
  },
  "null_kind": "stratified_by_source_side_role_sign_and_target_side_fraction_carried_with_target",
  "diagnostics": {
    "real": {
      "edges": 10553,
      "abs_spectral_radius_unscaled": 0.96669,
      "scale_to_abs_radius": 0.931012,
      "signed_spectral_radius": 0.547735,
      "signed_max_real_eigenvalue": 0.514122,
      "input_fraction_row_sum_max": 0.988753,
      "rows_over_one": 0,
      "reciprocity": 0.483327,
      "clustering": 0.434949,
      "role_modularity": 0.323102,
      "linear_io_gain_frobenius": 0.407085,
      "hops_afferent_to_efferent": {
        "mean": 2.977272727272727,
        "reachable_fraction": 1.0
      },
      "blocks": {
        "LL": {
          "edges": 3394,
          "self_loops": 238,
          "density": 0.051788,
          "fraction_mass": 143.6727
        },
        "RR": {
          "edges": 3394,
          "self_loops": 239,
          "density": 0.051788,
          "fraction_mass": 144.0751
        },
        "LR": {
          "edges": 1881,
          "self_loops": 0,
          "density": 0.028702,
          "fraction_mass": 52.4836
        },
        "RL": {
          "edges": 1884,
          "self_loops": 0,
          "density": 0.028748,
          "fraction_mass": 52.7075
        }
      },
      "side_modularity": 0.135385,
      "homolog_edge_symmetry": {
        "all": 0.947408,
        "ipsilateral": 0.951385,
        "commissural": 0.940239
      },
      "homolog_fraction_correlation": 0.985216,
      "commissural_input_share": {
        "mean_over_modules_with_input": 0.205451,
        "max": 0.560702,
        "modules_with_input": 512,
        "modules_without_commissural_input": 33
      },
      "abs_spectral_radius": {
        "left": 0.922607,
        "right": 0.927495,
        "joint": 0.96669
      },
      "hops_left_sensory_to_left_efferent": {
        "mean": 2.9242424242424243,
        "reachable_fraction": 1.0
      },
      "hops_left_sensory_to_right_efferent": {
        "mean": 3.025252525252525,
        "reachable_fraction": 1.0
      }
    },
    "stratified_null": {
      "edges": 10553,
      "abs_spectral_radius_unscaled": 0.874981,
      "scale_to_abs_radius": 1.028594,
      "signed_spectral_radius": 0.603799,
      "signed_max_real_eigenvalue": 0.538208,
      "input_fraction_row_sum_max": 0.988753,
      "rows_over_one": 0,
      "reciprocity": 0.098849,
      "clustering": 0.188411,
      "role_modularity": 0.340087,
      "linear_io_gain_frobenius": 0.453574,
      "hops_afferent_to_efferent": {
        "mean": 2.3383838383838382,
        "reachable_fraction": 1.0
      },
      "edge_overlap_with_real": 0.251398,
      "modules_with_changed_inhibitory_input_count": 0,
      "role_block_edge_count_l1_diff": 0,
      "blocks": {
        "LL": {
          "edges": 3394,
          "self_loops": 238,
          "density": 0.051788,
          "fraction_mass": 143.6727
        },
        "RR": {
          "edges": 3394,
          "self_loops": 239,
          "density": 0.051788,
          "fraction_mass": 144.0751
        },
        "LR": {
          "edges": 1881,
          "self_loops": 0,
          "density": 0.028702,
          "fraction_mass": 52.4836
        },
        "RL": {
          "edges": 1884,
          "self_loops": 0,
          "density": 0.028748,
          "fraction_mass": 52.7075
        }
      },
      "side_modularity": 0.123406,
      "homolog_edge_symmetry": {
        "all": 0.24069,
        "ipsilateral": 0.269593,
        "commissural": 0.188579
      },
      "homolog_fraction_correlation": 0.749081,
      "commissural_input_share": {
        "mean_over_modules_with_input": 0.205451,
        "max": 0.560702,
        "modules_with_input": 512,
        "modules_without_commissural_input": 33
      },
      "abs_spectral_radius": {
        "left": 0.84247,
        "right": 0.852862,
        "joint": 0.874981
      },
      "hops_left_sensory_to_left_efferent": {
        "mean": 2.3282828282828283,
        "reachable_fraction": 1.0
      },
      "hops_left_sensory_to_right_efferent": {
        "mean": 2.378787878787879,
        "reachable_fraction": 1.0
      },
      "side_block_edge_count_l1_diff": 0,
      "modules_with_changed_commissural_input_count": 0
    },
    "side_blind_null": {
      "edges": 10553,
      "abs_spectral_radius_unscaled": 0.873903,
      "scale_to_abs_radius": 1.029862,
      "signed_spectral_radius": 0.538919,
      "signed_max_real_eigenvalue": 0.538919,
      "input_fraction_row_sum_max": 0.988753,
      "rows_over_one": 0,
      "reciprocity": 0.083366,
      "clustering": 0.170503,
      "role_modularity": 0.344771,
      "linear_io_gain_frobenius": 0.43785,
      "hops_afferent_to_efferent": {
        "mean": 2.3383838383838382,
        "reachable_fraction": 1.0
      },
      "edge_overlap_with_real": 0.204965,
      "modules_with_changed_inhibitory_input_count": 0,
      "role_block_edge_count_l1_diff": 0,
      "blocks": {
        "LL": {
          "edges": 2731,
          "self_loops": 238,
          "density": 0.041672,
          "fraction_mass": 107.2775
        },
        "RR": {
          "edges": 2731,
          "self_loops": 239,
          "density": 0.041672,
          "fraction_mass": 108.3
        },
        "LR": {
          "edges": 2544,
          "self_loops": 0,
          "density": 0.038818,
          "fraction_mass": 88.2587
        },
        "RL": {
          "edges": 2547,
          "self_loops": 0,
          "density": 0.038864,
          "fraction_mass": 89.1027
        }
      },
      "side_modularity": -0.006421,
      "homolog_edge_symmetry": {
        "all": 0.207903,
        "ipsilateral": 0.23874,
        "commissural": 0.174818
      },
      "homolog_fraction_correlation": 0.770909,
      "commissural_input_share": {
        "mean_over_modules_with_input": 0.346409,
        "max": 0.92401,
        "modules_with_input": 512,
        "modules_without_commissural_input": 0
      },
      "abs_spectral_radius": {
        "left": 0.529009,
        "right": 0.537654,
        "joint": 0.873903
      },
      "hops_left_sensory_to_left_efferent": {
        "mean": 2.3535353535353534,
        "reachable_fraction": 1.0
      },
      "hops_left_sensory_to_right_efferent": {
        "mean": 2.3282828282828283,
        "reachable_fraction": 1.0
      },
      "side_block_edge_count_l1_diff": 2652,
      "modules_with_changed_commissural_input_count": 461
    }
  },
  "seed": 0,
  "null_seed": 1,
  "seconds": {
    "cluster": 4.6,
    "rewire": 1.4,
    "diagnostics": 3.5,
    "total": 9.9
  },
  "output": "datasets/v93_malecns/malecns_hemispheres_256.npz"
}
{
  "schema": "supermix-v93-malecns-hemispheres-v1",
  "scheme": "mirror",
  "types": "datasets/v91_malecns/malecns_types.npz",
  "sided_types": "datasets/v93_malecns/malecns_sided_types.npz",
  "input_sha256": {
    "types": "a582ac7da0c86221c654c0793aef78f3049d5fc4fa4f8c264e9a1f3eda2b0271",
    "sided_types": "e1e13ef3ca8b1861dcbc0bf639c7572459d690970b11b0ca366fb8f2bfb0562e"
  },
  "n_per_side_requested": 384,
  "n_per_side": 384,
  "n_modules": 768,
  "min_input_fraction": 0.01,
  "input_fraction_denominator": "total (ipsilateral + commissural) input of the post module",
  "edges": 16373,
  "density": 0.02776,
  "self_loops": 669,
  "rewired_self_loops": 669,
  "blocks": {
    "LL": {
      "edges": 5391,
      "self_loops": 336,
      "density": 0.03656,
      "fraction_mass": 204.7411
    },
    "RR": {
      "edges": 5336,
      "self_loops": 333,
      "density": 0.036187,
      "fraction_mass": 205.1368
    },
    "LR": {
      "edges": 2826,
      "self_loops": 0,
      "density": 0.019165,
      "fraction_mass": 73.7326
    },
    "RL": {
      "edges": 2820,
      "self_loops": 0,
      "density": 0.019124,
      "fraction_mass": 73.9669
    }
  },
  "per_side": {
    "L": {
      "modules": 384,
      "empty_modules": 0,
      "excitatory_modules": 220,
      "inhibitory_modules": 164,
      "types": 11449,
      "neurons": 80786
    },
    "R": {
      "modules": 384,
      "empty_modules": 0,
      "excitatory_modules": 220,
      "inhibitory_modules": 164,
      "types": 11422,
      "neurons": 82932
    }
  },
  "empty_module_ids": [],
  "empty_module_labels": [],
  "groups": [
    {
      "role": "sensory",
      "sign": 1,
      "types": 354,
      "modules": 13
    },
    {
      "role": "sensory",
      "sign": -1,
      "types": 14,
      "modules": 2
    },
    {
      "role": "visual",
      "sign": 1,
      "types": 394,
      "modules": 39
    },
    {
      "role": "visual",
      "sign": -1,
      "types": 331,
      "modules": 30
    },
    {
      "role": "central",
      "sign": 1,
      "types": 3687,
      "modules": 103
    },
    {
      "role": "central",
      "sign": -1,
      "types": 2918,
      "modules": 76
    },
    {
      "role": "vnc",
      "sign": 1,
      "types": 1198,
      "modules": 33
    },
    {
      "role": "vnc",
      "sign": -1,
      "types": 1579,
      "modules": 41
    },
    {
      "role": "ascending",
      "sign": 1,
      "types": 369,
      "modules": 13
    },
    {
      "role": "ascending",
      "sign": -1,
      "types": 199,
      "modules": 7
    },
    {
      "role": "descending",
      "sign": 1,
      "types": 353,
      "modules": 13
    },
    {
      "role": "descending",
      "sign": -1,
      "types": 128,
      "modules": 5
    },
    {
      "role": "output",
      "sign": 1,
      "types": 173,
      "modules": 6
    },
    {
      "role": "output",
      "sign": -1,
      "types": 54,
      "modules": 3
    }
  ],
  "strata": {
    "node": 28,
    "edge": 52
  },
  "rewire": {
    "kind": "stratified_by_source_side_role_sign_and_target_side_fraction_carried_with_target",
    "swaps_accepted": 157040,
    "swap_attempts": 213395,
    "edges_rewired": 15704,
    "self_loops_held": 669,
    "strata": 52
  },
  "side_blind_rewire": {
    "kind": "stratified_by_source_role_and_sign_fraction_carried_with_target",
    "swaps_accepted": 157040,
    "swap_attempts": 201949,
    "edges_rewired": 15704,
    "self_loops_held": 669,
    "strata": 14
  },
  "null_kind": "stratified_by_source_side_role_sign_and_target_side_fraction_carried_with_target",
  "diagnostics": {
    "real": {
      "edges": 16373,
      "abs_spectral_radius_unscaled": 0.962297,
      "scale_to_abs_radius": 0.935262,
      "signed_spectral_radius": 0.550385,
      "signed_max_real_eigenvalue": 0.505033,
      "input_fraction_row_sum_max": 0.990296,
      "rows_over_one": 0,
      "reciprocity": 0.42295,
      "clustering": 0.401181,
      "role_modularity": 0.331633,
      "linear_io_gain_frobenius": 0.491368,
      "hops_afferent_to_efferent": {
        "mean": 3.083950617283951,
        "reachable_fraction": 1.0
      },
      "blocks": {
        "LL": {
          "edges": 5391,
          "self_loops": 336,
          "density": 0.03656,
          "fraction_mass": 204.7411
        },
        "RR": {
          "edges": 5336,
          "self_loops": 333,
          "density": 0.036187,
          "fraction_mass": 205.1368
        },
        "LR": {
          "edges": 2826,
          "self_loops": 0,
          "density": 0.019165,
          "fraction_mass": 73.7326
        },
        "RL": {
          "edges": 2820,
          "self_loops": 0,
          "density": 0.019124,
          "fraction_mass": 73.9669
        }
      },
      "side_modularity": 0.140393,
      "homolog_edge_symmetry": {
        "all": 0.934832,
        "ipsilateral": 0.940431,
        "commissural": 0.924194
      },
      "homolog_fraction_correlation": 0.980483,
      "commissural_input_share": {
        "mean_over_modules_with_input": 0.192317,
        "max": 0.789447,
        "modules_with_input": 768,
        "modules_without_commissural_input": 46
      },
      "abs_spectral_radius": {
        "left": 0.923931,
        "right": 0.926233,
        "joint": 0.962297
      },
      "hops_left_sensory_to_left_efferent": {
        "mean": 3.0592592592592593,
        "reachable_fraction": 1.0
      },
      "hops_left_sensory_to_right_efferent": {
        "mean": 3.093827160493827,
        "reachable_fraction": 1.0
      }
    },
    "stratified_null": {
      "edges": 16373,
      "abs_spectral_radius_unscaled": 0.86189,
      "scale_to_abs_radius": 1.044216,
      "signed_spectral_radius": 0.613377,
      "signed_max_real_eigenvalue": 0.577386,
      "input_fraction_row_sum_max": 0.990296,
      "rows_over_one": 0,
      "reciprocity": 0.071956,
      "clustering": 0.140484,
      "role_modularity": 0.347406,
      "linear_io_gain_frobenius": 0.561197,
      "hops_afferent_to_efferent": {
        "mean": 2.449382716049383,
        "reachable_fraction": 1.0
      },
      "edge_overlap_with_real": 0.209003,
      "modules_with_changed_inhibitory_input_count": 0,
      "role_block_edge_count_l1_diff": 0,
      "blocks": {
        "LL": {
          "edges": 5391,
          "self_loops": 336,
          "density": 0.03656,
          "fraction_mass": 204.7411
        },
        "RR": {
          "edges": 5336,
          "self_loops": 333,
          "density": 0.036187,
          "fraction_mass": 205.1368
        },
        "LR": {
          "edges": 2826,
          "self_loops": 0,
          "density": 0.019165,
          "fraction_mass": 73.7326
        },
        "RL": {
          "edges": 2820,
          "self_loops": 0,
          "density": 0.019124,
          "fraction_mass": 73.9669
        }
      },
      "side_modularity": 0.137423,
      "homolog_edge_symmetry": {
        "all": 0.193856,
        "ipsilateral": 0.223548,
        "commissural": 0.137442
      },
      "homolog_fraction_correlation": 0.685639,
      "commissural_input_share": {
        "mean_over_modules_with_input": 0.192317,
        "max": 0.789447,
        "modules_with_input": 768,
        "modules_without_commissural_input": 46
      },
      "abs_spectral_radius": {
        "left": 0.824341,
        "right": 0.838176,
        "joint": 0.86189
      },
      "hops_left_sensory_to_left_efferent": {
        "mean": 2.4,
        "reachable_fraction": 1.0
      },
      "hops_left_sensory_to_right_efferent": {
        "mean": 2.4518518518518517,
        "reachable_fraction": 1.0
      },
      "side_block_edge_count_l1_diff": 0,
      "modules_with_changed_commissural_input_count": 0
    },
    "side_blind_null": {
      "edges": 16373,
      "abs_spectral_radius_unscaled": 0.849921,
      "scale_to_abs_radius": 1.058921,
      "signed_spectral_radius": 0.589673,
      "signed_max_real_eigenvalue": 0.589673,
      "input_fraction_row_sum_max": 0.990296,
      "rows_over_one": 0,
      "reciprocity": 0.064315,
      "clustering": 0.124876,
      "role_modularity": 0.349699,
      "linear_io_gain_frobenius": 0.608984,
      "hops_afferent_to_efferent": {
        "mean": 2.4518518518518517,
        "reachable_fraction": 1.0
      },
      "edge_overlap_with_real": 0.170402,
      "modules_with_changed_inhibitory_input_count": 0,
      "role_block_edge_count_l1_diff": 0,
      "blocks": {
        "LL": {
          "edges": 4293,
          "self_loops": 336,
          "density": 0.029114,
          "fraction_mass": 152.8016
        },
        "RR": {
          "edges": 4238,
          "self_loops": 333,
          "density": 0.028741,
          "fraction_mass": 148.8837
        },
        "LR": {
          "edges": 3924,
          "self_loops": 0,
          "density": 0.026611,
          "fraction_mass": 129.9857
        },
        "RL": {
          "edges": 3918,
          "self_loops": 0,
          "density": 0.026571,
          "fraction_mass": 125.9065
        }
      },
      "side_modularity": -0.000501,
      "homolog_edge_symmetry": {
        "all": 0.164661,
        "ipsilateral": 0.196929,
        "commissural": 0.129559
      },
      "homolog_fraction_correlation": 0.778564,
      "commissural_input_share": {
        "mean_over_modules_with_input": 0.333193,
        "max": 0.893307,
        "modules_with_input": 768,
        "modules_without_commissural_input": 2
      },
      "abs_spectral_radius": {
        "left": 0.569991,
        "right": 0.560349,
        "joint": 0.849921
      },
      "hops_left_sensory_to_left_efferent": {
        "mean": 2.454320987654321,
        "reachable_fraction": 1.0
      },
      "hops_left_sensory_to_right_efferent": {
        "mean": 2.474074074074074,
        "reachable_fraction": 1.0
      },
      "side_block_edge_count_l1_diff": 4392,
      "modules_with_changed_commissural_input_count": 710
    }
  },
  "seed": 0,
  "null_seed": 1,
  "seconds": {
    "cluster": 1.0,
    "rewire": 2.2,
    "diagnostics": 7.2,
    "total": 10.8
  },
  "output": "datasets/v93_malecns/malecns_hemispheres_384.npz"
}

real	1m14.949s
user	0m0.015s
sys	0m0.062s
