
=== leg 1 from step 0 ===
  init_from    output/v89_corpus/v89_corpus.pt (24250 prior steps)
v58 generalisation | arm full | thinking core True
  train        1,098,171 rows, dev 11,230
  tier1_seen_response      16,307 rows
  tier2_unseen_response    396 rows
  tier3_unseen_sentence    30,004 rows
  withheld     5707 sentences (288284 remain in training)
  vocabulary   8679 types
  parameters   30,214,269 total / 5,696,493 active
  device       cpu
  restored     optimiser=False scheduler=False
step   625/2500  train 0.0226  dev 0.0274  ppl 1.03  3312s
step  1250/2500  train 0.0238  dev 0.0263  ppl 1.03  6628s
step  1875/2500  train 0.0242  dev 0.0247  ppl 1.02  10103s
step  2500/2500  train 0.0231  dev 0.0244  ppl 1.02  acc 0.95  13085s

== v58 generalisation ladder | arm full ==
  parameters      30,214,269 (5,696,493 active/token)
  selected        step 2500 on accuracy (probe 0.95, dev loss 0.0244)

  tier                         rows     loss      ppl
  tier1_seen_response         16307   0.0115   1.0116
  tier2_unseen_response         396   0.1890   1.2081
  tier3_unseen_sentence       30004   0.2508   1.2851

  recombination_cost_nats          +0.1776
  unseen_sentence_cost_nats        +0.0618
  total_cost_nats                  +0.2393
  perplexity ratio tier3/tier1     1.270x

  [PASS] split_verified
  [PASS] learned_something
  [PASS] produces_non_empty_replies
  [PASS] speculative_matches_greedy
  [PASS] selection_never_read_a_tier

  checkpoint  output\v91_control\v91_control.pt
=== finished after 1 leg(s) ===
